// Jest Snapshot v1, https://goo.gl/fbAQLP

exports[`CommenterWorkVisualization renders correctly 1`] = `
<div
  className="commenter-work-visualization commenter-work-visualization--iliad"
>
  <i
    className="close-visualization mdi mdi-close"
    onClick={[Function]}
  />
  
</div>
`;
