// Jest Snapshot v1, https://goo.gl/fbAQLP

exports[`CommentsRecent renders correctly 1`] = `null`;
