// Jest Snapshot v1, https://goo.gl/fbAQLP

exports[`SubworksDropdown renders correctly 1`] = `
<div
  className="dropdown search-dropdown search-dropdown-- "
>
  <button
    className="search-tool dropdown-toggle search-tool-disabled"
    disabled={true}
    href={undefined}
    onBlur={[Function]}
    onClick={[Function]}
    onFocus={[Function]}
    onKeyDown={[Function]}
    onKeyUp={[Function]}
    onMouseDown={[Function]}
    onMouseEnter={[Function]}
    onMouseLeave={[Function]}
    onMouseUp={[Function]}
    onTouchEnd={[Function]}
    onTouchStart={[Function]}
    onTouchTap={[Function]}
    style={
      Object {
        "WebkitTapHighlightColor": "rgba(0, 0, 0, 0)",
        "backgroundColor": "rgba(0, 0, 0, 0)",
        "border": 10,
        "borderRadius": 2,
        "boxSizing": "border-box",
        "color": "rgba(0, 0, 0, 0.3)",
        "cursor": "default",
        "display": "inline-block",
        "fontFamily": "Roboto, sans-serif",
        "fontSize": "inherit",
        "fontWeight": "inherit",
        "height": 36,
        "lineHeight": "36px",
        "margin": 0,
        "minWidth": 88,
        "muiPrepared": true,
        "outline": "none",
        "overflow": "hidden",
        "padding": 0,
        "position": "relative",
        "textAlign": "center",
        "textDecoration": "none",
        "transform": "translate(0, 0)",
        "transition": "all 450ms cubic-bezier(0.23, 1, 0.32, 1) 0ms",
        "userSelect": "none",
        "verticalAlign": null,
      }
    }
    tabIndex={0}
    type="button"
  >
    <span
      className="mdi mdi-chevron-down"
      color="rgba(0, 0, 0, 0.3)"
      onMouseEnter={[Function]}
      onMouseLeave={[Function]}
      style={
        Object {
          "color": "rgba(0, 0, 0, 0.3)",
          "display": "inline-block",
          "fontSize": 24,
          "marginLeft": 0,
          "marginRight": 0,
          "muiPrepared": true,
          "position": "relative",
          "transition": "all 450ms cubic-bezier(0.23, 1, 0.32, 1) 0ms",
          "userSelect": "none",
          "verticalAlign": "middle",
        }
      }
    />
  </button>
  <ul
    className="dropdown-menu"
  >
    <div
      className="dropdown-menu-inner"
    />
    <button
      className="close-dropdown"
      disabled={false}
      href={undefined}
      onBlur={[Function]}
      onClick={[Function]}
      onFocus={[Function]}
      onKeyDown={[Function]}
      onKeyUp={[Function]}
      onMouseDown={[Function]}
      onMouseEnter={[Function]}
      onMouseLeave={[Function]}
      onMouseOut={[Function]}
      onMouseUp={[Function]}
      onTouchEnd={[Function]}
      onTouchStart={[Function]}
      onTouchTap={[Function]}
      style={
        Object {
          "WebkitTapHighlightColor": "rgba(0, 0, 0, 0)",
          "background": "none",
          "border": 10,
          "boxSizing": "border-box",
          "cursor": "pointer",
          "display": "inline-block",
          "fontFamily": "Roboto, sans-serif",
          "fontSize": 0,
          "fontWeight": "inherit",
          "height": 48,
          "margin": 0,
          "muiPrepared": true,
          "outline": "none",
          "overflow": "visible",
          "padding": 12,
          "position": "relative",
          "textDecoration": "none",
          "transform": "translate(0, 0)",
          "transition": "all 450ms cubic-bezier(0.23, 1, 0.32, 1) 0ms",
          "verticalAlign": null,
          "width": 48,
        }
      }
      tabIndex={0}
      type="button"
    >
      <div
        onMouseDown={[Function]}
        onMouseLeave={[Function]}
        onMouseUp={[Function]}
        onTouchEnd={[Function]}
        onTouchStart={[Function]}
      >
        <span
          className="mdi mdi-close"
          color="rgba(0, 0, 0, 0.87)"
          onMouseEnter={[Function]}
          onMouseLeave={[Function]}
          style={
            Object {
              "color": "rgba(0, 0, 0, 0.87)",
              "display": "inline-block",
              "fontSize": 24,
              "muiPrepared": true,
              "position": "relative",
              "transition": "all 450ms cubic-bezier(0.23, 1, 0.32, 1) 0ms",
              "userSelect": "none",
            }
          }
        />
      </div>
    </button>
  </ul>
</div>
`;
