// Jest Snapshot v1, https://goo.gl/fbAQLP

exports[`KeywordsList renders correctly 1`] = `
<div
  className="keywords-list"
/>
`;
