// Jest Snapshot v1, https://goo.gl/fbAQLP

exports[`KeywordReferenceModal renders correctly 1`] = `null`;
