// Jest Snapshot v1, https://goo.gl/fbAQLP

exports[`CommentBody renders correctly 1`] = `
<div
  className="comment-body"
  dangerouslySetInnerHTML={
    Object {
      "__html": "testText",
    }
  }
  onClick={null}
/>
`;
