// Jest Snapshot v1, https://goo.gl/fbAQLP

exports[`LinkButton renders correctly 1`] = `
<div
  className={Object {}}
  onMouseDown={[Function]}
>
  <button
    className="test"
    onClick={[Function]}
    type="button"
  >
    <svg
      height="24"
      viewBox="0 0 24 24"
      width="24"
      xmlns="http://www.w3.org/2000/svg"
    >
      <g>
        <path
          d="M18.101,10.747l-3.771,3.771c-1.042,1.042-2.729,1.042-3.771,0l-1.257-1.257l1.257-1.257l1.257,1.257 c0.347,0.347,0.911,0.347,1.257,0l3.771-3.771c0.346-0.347,0.346-0.911,0-1.258l-1.257-1.257c-0.347-0.346-0.911-0.346-1.257,0 l-1.346,1.347c-0.624-0.367-1.333-0.525-2.036-0.478l2.125-2.126c1.042-1.041,2.73-1.041,3.771,0l1.257,1.257 C19.143,8.017,19.143,9.706,18.101,10.747z M10.648,15.686l-1.346,1.345c-0.347,0.347-0.911,0.346-1.257,0l-1.257-1.257 c-0.347-0.347-0.347-0.91,0-1.257l3.771-3.771c0.346-0.346,0.911-0.346,1.257,0l1.257,1.257l1.257-1.257L13.073,9.49 c-1.042-1.041-2.729-1.041-3.771,0l-3.771,3.771c-1.042,1.042-1.042,2.73,0,3.771l1.257,1.257c1.041,1.042,2.729,1.042,3.771,0 l2.125-2.125C11.982,16.211,11.275,16.053,10.648,15.686z"
        />
      </g>
    </svg>
  </button>
</div>
`;
