// Jest Snapshot v1, https://goo.gl/fbAQLP

exports[`CommentLemmaText renders correctly 1`] = `<div />`;
