// Jest Snapshot v1, https://goo.gl/fbAQLP

exports[`CommentersList renders correctly 1`] = `
<div
  className="commenters-list"
/>
`;
