// Jest Snapshot v1, https://goo.gl/fbAQLP

exports[`CommentCitation renders correctly 1`] = `null`;
