// Jest Snapshot v1, https://goo.gl/fbAQLP

exports[`KeywordContext renders correctly 1`] = `null`;
