// Jest Snapshot v1, https://goo.gl/fbAQLP

exports[`AddCommentLayout renders correctly 1`] = `
<div
  className="ahcip-spinner commentary-loading full-page-spinner"
>
  <div
    className="double-bounce1"
  />
  <div
    className="double-bounce2"
  />
</div>
`;
