// Jest Snapshot v1, https://goo.gl/fbAQLP

exports[`EditKeyword renders correctly 1`] = `null`;
