// Jest Snapshot v1, https://goo.gl/fbAQLP

exports[`CommentersPage renders correctly 1`] = `null`;
