// Jest Snapshot v1, https://goo.gl/fbAQLP

exports[`AddComment renders correctly 1`] = `null`;
