// Jest Snapshot v1, https://goo.gl/fbAQLP

exports[`AccountsLayout renders correctly 1`] = `<main />`;
