// Jest Snapshot v1, https://goo.gl/fbAQLP

exports[`LinePagination renders correctly 1`] = `
<div
  className="line-pagination"
/>
`;
