// Jest Snapshot v1, https://goo.gl/fbAQLP

exports[`SearchTermButton renders correctly 1`] = `
<li>
  <button
    className="search-term-button"
    onClick={[Function]}
  >
    <span
      className="search-term-button-label"
    >
      TestSearchterm
    </span>
    <span
      className="mdi mdi-plus-circle-outline search-term-button-icon"
      onMouseEnter={[Function]}
      onMouseLeave={[Function]}
      style={
        Object {
          "color": "rgba(0, 0, 0, 0.87)",
          "display": "inline-block",
          "fontSize": 24,
          "muiPrepared": true,
          "position": "relative",
          "transition": "all 450ms cubic-bezier(0.23, 1, 0.32, 1) 0ms",
          "userSelect": "none",
        }
      }
    />
  </button>
</li>
`;
