// Jest Snapshot v1, https://goo.gl/fbAQLP

exports[`LineRangeSlider renders correctly 1`] = `
<input
  id="line-range"
/>
`;
