// Jest Snapshot v1, https://goo.gl/fbAQLP

exports[`AddRevision renders correctly 1`] = `
<div
  className="comments lemma-panel-visible"
/>
`;
