// Jest Snapshot v1, https://goo.gl/fbAQLP

exports[`CommenterReferenceWorks renders correctly 1`] = `
<div
  className="commenter-reference-works"
>
  <div
    className="commenter-reference-works-title"
  >
    <h2>
      Reference Works
    </h2>
  </div>
</div>
`;
