// Jest Snapshot v1, https://goo.gl/fbAQLP

exports[`CommentReference renders correctly 1`] = `null`;
